# 18 10
@ 12 6 hero
@ 14 4 skeleton
@ 5 3 skeleton
@ 13 4 rat
@ 11 6 keg
@ 13 1 keg
@ 13 2 meat
@ 7 8 meat
@ 5 4 gold
@ 16 3 gold
0 1 images/map/soil.png false false false
0 2 images/map/wall_corner_nw.png false false false
0 3 images/map/wall_front_left.png false false false
0 4 images/map/rock2.png true false false
0 5 images/map/wall_back.png false false false
0 6 images/map/soil.png false false false
0 7 images/map/soil.png false false false
0 8 images/map/soil.png false false false
0 9 images/map/soil.png false false false
1 0 images/map/soil.png false false false
1 1 images/map/soil.png false false false
1 2 images/map/wall_front_torch1.png false false true
1 3 images/map/rock2.png true false false
1 4 images/map/rock2.png true false false
1 5 images/map/wall_back.png false false false
1 6 images/map/soil.png false false false
1 7 images/map/soil.png false false false
1 8 images/map/soil.png false false false
1 9 images/map/soil.png false false false
2 0 images/map/soil.png false false false
2 1 images/map/soil.png false false false
2 2 images/map/wall_front.png false false false
2 3 images/map/rock2.png true false false
2 4 images/map/rock_pit.png true true false
2 5 images/map/wall_back.png false false false
2 6 images/map/soil.png false false false
2 7 images/map/soil.png false false false
2 8 images/map/soil.png false false false
2 9 images/map/soil.png false false false
3 0 images/map/soil.png false false false
3 1 images/map/soil.png false false false
3 2 images/map/wall_front_torch1.png false false true
3 3 images/map/rock2.png true false false
3 4 images/map/rock2.png true false false
3 5 images/map/wall_back.png false false false
3 6 images/map/soil.png false false false
3 7 images/map/soil.png false false false
3 8 images/map/soil.png false false false
3 9 images/map/soil.png false false false
4 0 images/map/soil.png false false false
4 1 images/map/soil.png false false false
4 2 images/map/wall_front.png false false false
4 3 images/map/rock_pit.png true true false
4 4 images/map/rock2.png true false false
4 5 images/map/wall_back_left.png false false false
4 6 images/map/wall_left.png false false false
4 7 images/map/wall_corner_sw.png false false false
4 8 images/map/soil.png false false false
4 9 images/map/soil.png false false false
5 0 images/map/soil.png false false false
5 1 images/map/soil.png false false false
5 2 images/map/wall_front_torch1.png false false true
5 3 images/map/rock2.png true false false
5 4 images/map/rock2.png true false false
5 5 images/map/rock2.png true false false
5 6 images/map/rock2.png true false false
5 7 images/map/wall_back.png false false false
5 8 images/map/soil.png false false false
5 9 images/map/soil.png false false false
6 0 images/map/soil.png false false false
6 1 images/map/wall_corner_nw.png false false false
6 2 images/map/wall_front_left.png false false false
6 3 images/map/rock2.png true false false
6 4 images/map/wall_back_right.png false false false
6 5 images/map/wall_front_right.png false false false
6 6 images/map/rock2.png true false false
6 7 images/map/wall_back_left.png false false false
6 8 images/map/wall_left.png false false false
6 9 images/map/wall_corner_sw.png false false false
7 0 images/map/soil.png false false false
7 1 images/map/wall_front.png false false false
7 2 images/map/rock2.png true false false
7 3 images/map/rock2.png true false false
7 4 images/map/wall_back.png false false false
7 5 images/map/wall_front.png false false false
7 6 images/map/rock2.png true false false
7 7 images/map/fire_pit1.png true false true
7 8 images/map/rock2.png true false false
7 9 images/map/wall_back.png false false false
8 0 images/map/wall_corner_nw.png false false false
8 1 images/map/wall_front_left.png false false false
8 2 images/map/fire_pit1.png true false true
8 3 images/map/wall_back_right.png false false false
8 4 images/map/wall_corner_se.png false false false
8 5 images/map/wall_front.png false false false
8 6 images/map/rock2.png true false false
8 7 images/map/wall_back_right.png false false false
8 8 images/map/wall_right.png false false false
8 9 images/map/wall_corner_se.png false false false
9 0 images/map/wall_front.png false false false
9 1 images/map/rock2.png true false false
9 2 images/map/rock2.png true false false
9 3 images/map/wall_back.png false false false
9 4 images/map/wall_corner_nw.png false false false
9 5 images/map/wall_front_left.png false false false
9 6 images/map/rock2.png true false false
9 7 images/map/wall_back_left.png false false false
9 8 images/map/wall_corner_sw.png false false false
9 9 images/map/soil.png false false false
10 0 images/map/wall_front_torch1.png false false true
10 1 images/map/rock2.png true false false
10 2 images/map/wall_back_right.png false false false
10 3 images/map/wall_corner_se.png false false false
10 4 images/map/wall_front_torch1.png false false true
10 5 images/map/rock2.png true false false
10 6 images/map/rock2.png true false false
10 7 images/map/rock2.png true false false
10 8 images/map/wall_back.png false false false
10 9 images/map/soil.png false false false
11 0 images/map/wall_front.png false false false
11 1 images/map/rock2.png true false false
11 2 images/map/wall_back_left.png false false false
11 3 images/map/wall_left.png false false false
11 4 images/map/wall_front_left.png false false false
11 5 images/map/rock2.png true false false
11 6 images/map/rock2.png true false false
11 7 images/map/rock2.png true false false
11 8 images/map/wall_back.png false false false
11 9 images/map/soil.png false false false
12 0 images/map/wall_front_torch1.png false false true
12 1 images/map/rock2.png true false false
12 2 images/map/rock2.png true false false
12 3 images/map/rock2.png true false false
12 4 images/map/rock2.png true false false
12 5 images/map/rock2.png true false false
12 6 images/map/rock2.png true false false
12 7 images/map/rock_pit.png true true false
12 8 images/map/wall_back.png false false false
12 9 images/map/soil.png false false false
13 0 images/map/wall_front.png false false false
13 1 images/map/rock2.png true false false
13 2 images/map/rock2.png true false false
13 3 images/map/rock2.png true false false
13 4 images/map/rock2.png true false false
13 5 images/map/rock2.png true false false
13 6 images/map/wall_back_right.png false false false
13 7 images/map/wall_right.png false false false
13 8 images/map/wall_corner_se.png false false false
13 9 images/map/soil.png false false false
14 0 images/map/wall_corner_ne.png false false false
14 1 images/map/wall_right.png false false false
14 2 images/map/wall_front_right.png false false false
14 3 images/map/rock2.png true false false
14 4 images/map/rock2.png true false false
14 5 images/map/fire_pit1.png true false true
14 6 images/map/wall_back.png false false false
14 7 images/map/soil.png false false false
14 8 images/map/soil.png false false false
14 9 images/map/soil.png false false false
15 0 images/map/soil.png false false false
15 1 images/map/soil.png false false false
15 2 images/map/wall_front.png false false false
15 3 images/map/rock2.png true false false
15 4 images/map/rock2.png true false false
15 5 images/map/bones.png true false false
15 6 images/map/wall_back.png false false false
15 7 images/map/soil.png false false false
15 8 images/map/soil.png false false false
15 9 images/map/soil.png false false false
16 0 images/map/soil.png false false false
16 1 images/map/soil.png false false false
16 2 images/map/wall_front.png false false false
16 3 images/map/rock2.png true false false
16 4 images/map/rock2.png true false false
16 5 images/map/rock2.png true false false
16 6 images/map/wall_back.png false false false
16 7 images/map/soil.png false false false
16 8 images/map/soil.png false false false
16 9 images/map/soil.png false false false
17 0 images/map/soil.png false false false
17 1 images/map/soil.png false false false
17 2 images/map/wall_corner_ne.png false false false
17 3 images/map/wall_front_right.png false false false
17 4 images/map/rock2.png true false false
17 5 images/map/wall_back_right.png false false false
17 6 images/map/wall_corner_se.png false false false
17 7 images/map/soil.png false false false
17 8 images/map/soil.png false false false
17 9 images/map/soil.png false false false
